\BOOKMARK [1][-]{section.1}{Teori}{}% 1
\BOOKMARK [1][-]{section.2}{Reaksjonsligninger}{}% 2
\BOOKMARK [1][-]{section.3}{Reaksjonsmekanismer}{}% 3
\BOOKMARK [1][-]{section.4}{Fysikalske Data}{}% 4
\BOOKMARK [1][-]{section.5}{Eksperimentelt}{}% 5
\BOOKMARK [1][-]{section.6}{Resultater}{}% 6
\BOOKMARK [1][-]{section.7}{Diskusjon}{}% 7
